
Allocating common symbols
Common symbol       size              file

monitor_state       0x1               alarm_monitor.o
pressure_detector_state
                    0x1               main.o
alarm_state         0x1               alarm_actuator.o
alarm               0x4               alarm_actuator.o
pressure_detector   0x4               pressure_detector.o
Sensor              0x4               pressure_sensor.o
Sensor_state        0x1               main.o
monitor             0x4               alarm_monitor.o

Memory Configuration

Name             Origin             Length             Attributes
flash            0x08000000         0x00020000         xr
sram             0x20000000         0x00005000         xrw
*default*        0x00000000         0xffffffff

Linker script and memory map


.text           0x08000000      0x488
 *(.vectors*)
 .vectors       0x08000000       0x1c startup.o
                0x08000000                vectors
 *(.text*)
 .text          0x0800001c       0xc0 alarm_actuator.o
                0x0800001c                Alarm_init
                0x0800002c                start_alarm
                0x0800004c                stop_alarm
                0x0800006c                st_alarm_waiting
                0x08000084                st_Alarm_ON
                0x080000b0                st_Alarm_OFF
 .text          0x080000dc       0x6c alarm_monitor.o
                0x080000dc                high_pressure_detected
                0x080000f8                st_monitor_waiting
                0x08000110                st_Alarm_Activated
 .text          0x08000148      0x10c driver.o
                0x08000148                Delay
                0x0800016c                getPressureVal
                0x08000184                Set_Alarm_actuator
                0x080001d4                GPIO_INITIALIZATION
 .text          0x08000254       0x90 main.o
                0x08000254                setup
                0x0800029c                main
 .text          0x080002e4       0x78 pressure_detector.o
                0x080002e4                set_pressure_val
                0x08000344                st_waiting_state
 .text          0x0800035c       0x70 pressure_sensor.o
                0x0800035c                Sensor_init
                0x08000378                st_reading_values
 .text          0x080003cc       0xbc startup.o
                0x080003cc                Bus_fault_Handler
                0x080003cc                MM_fault_Handler
                0x080003cc                Usage_fault_Handler
                0x080003cc                default_Handler
                0x080003cc                H_fault_Handler
                0x080003cc                NMI_Handler
                0x080003d8                reset_Handler
 *(.rodata)
                0x08000488                E_TEXT = .

.glue_7         0x08000488        0x0
 .glue_7        0x00000000        0x0 linker stubs

.glue_7t        0x08000488        0x0
 .glue_7t       0x00000000        0x0 linker stubs

.vfp11_veneer   0x08000488        0x0
 .vfp11_veneer  0x00000000        0x0 linker stubs

.v4_bx          0x08000488        0x0
 .v4_bx         0x00000000        0x0 linker stubs

.iplt           0x08000488        0x0
 .iplt          0x00000000        0x0 alarm_actuator.o

.rel.dyn        0x08000488        0x0
 .rel.iplt      0x00000000        0x0 alarm_actuator.o

.data           0x20000000        0x4 load address 0x08000488
                0x20000000                S_DATA = .
 *(.data)
 .data          0x20000000        0x0 alarm_actuator.o
 .data          0x20000000        0x0 alarm_monitor.o
 .data          0x20000000        0x0 driver.o
 .data          0x20000000        0x0 main.o
 .data          0x20000000        0x4 pressure_detector.o
                0x20000000                threshold
 .data          0x20000004        0x0 pressure_sensor.o
 .data          0x20000004        0x0 startup.o
                0x20000004                . = ALIGN (0x4)
                0x20000004                E_DATA = .

.igot.plt       0x20000004        0x0 load address 0x0800048c
 .igot.plt      0x00000000        0x0 alarm_actuator.o

.bss            0x20000004     0x1024 load address 0x0800048c
                0x20000004                S_BSS = .
 *(.bss)
 .bss           0x20000004        0x0 alarm_actuator.o
 .bss           0x20000004        0x0 alarm_monitor.o
 .bss           0x20000004        0x0 driver.o
 .bss           0x20000004        0x0 main.o
 .bss           0x20000004        0x4 pressure_detector.o
                0x20000004                recieved_pressure
 .bss           0x20000008        0x4 pressure_sensor.o
                0x20000008                pressure
 .bss           0x2000000c        0x0 startup.o
                0x2000000c                . = ALIGN (0x4)
                0x2000000c                E_BSS = .
                0x2000000c                . = ALIGN (0x4)
                0x2000100c                . = (. + 0x1000)
 *fill*         0x2000000c     0x1000 
                0x2000100c                stack_top = .
 COMMON         0x2000100c        0x8 alarm_actuator.o
                0x2000100c                alarm_state
                0x20001010                alarm
 COMMON         0x20001014        0x8 alarm_monitor.o
                0x20001014                monitor_state
                0x20001018                monitor
 COMMON         0x2000101c        0x2 main.o
                0x2000101c                pressure_detector_state
                0x2000101d                Sensor_state
 *fill*         0x2000101e        0x2 
 COMMON         0x20001020        0x4 pressure_detector.o
                0x20001020                pressure_detector
 COMMON         0x20001024        0x4 pressure_sensor.o
                0x20001024                Sensor
LOAD alarm_actuator.o
LOAD alarm_monitor.o
LOAD driver.o
LOAD main.o
LOAD pressure_detector.o
LOAD pressure_sensor.o
LOAD startup.o
OUTPUT(HPSD.elf elf32-littlearm)

.debug_info     0x00000000      0x810
 .debug_info    0x00000000      0x144 alarm_actuator.o
 .debug_info    0x00000144       0xff alarm_monitor.o
 .debug_info    0x00000243      0x103 driver.o
 .debug_info    0x00000346      0x185 main.o
 .debug_info    0x000004cb      0x11c pressure_detector.o
 .debug_info    0x000005e7       0xfc pressure_sensor.o
 .debug_info    0x000006e3      0x12d startup.o

.debug_abbrev   0x00000000      0x454
 .debug_abbrev  0x00000000       0x92 alarm_actuator.o
 .debug_abbrev  0x00000092       0x92 alarm_monitor.o
 .debug_abbrev  0x00000124       0x9d driver.o
 .debug_abbrev  0x000001c1       0xa5 main.o
 .debug_abbrev  0x00000266       0xa5 pressure_detector.o
 .debug_abbrev  0x0000030b       0x92 pressure_sensor.o
 .debug_abbrev  0x0000039d       0xb7 startup.o

.debug_loc      0x00000000      0x3cc
 .debug_loc     0x00000000      0x108 alarm_actuator.o
 .debug_loc     0x00000108       0x84 alarm_monitor.o
 .debug_loc     0x0000018c       0xc8 driver.o
 .debug_loc     0x00000254       0x58 main.o
 .debug_loc     0x000002ac       0x64 pressure_detector.o
 .debug_loc     0x00000310       0x58 pressure_sensor.o
 .debug_loc     0x00000368       0x64 startup.o

.debug_aranges  0x00000000       0xe0
 .debug_aranges
                0x00000000       0x20 alarm_actuator.o
 .debug_aranges
                0x00000020       0x20 alarm_monitor.o
 .debug_aranges
                0x00000040       0x20 driver.o
 .debug_aranges
                0x00000060       0x20 main.o
 .debug_aranges
                0x00000080       0x20 pressure_detector.o
 .debug_aranges
                0x000000a0       0x20 pressure_sensor.o
 .debug_aranges
                0x000000c0       0x20 startup.o

.debug_line     0x00000000      0x339
 .debug_line    0x00000000       0x69 alarm_actuator.o
 .debug_line    0x00000069       0x5e alarm_monitor.o
 .debug_line    0x000000c7       0x99 driver.o
 .debug_line    0x00000160       0xb0 main.o
 .debug_line    0x00000210       0x63 pressure_detector.o
 .debug_line    0x00000273       0x5f pressure_sensor.o
 .debug_line    0x000002d2       0x67 startup.o

.debug_str      0x00000000      0x336
 .debug_str     0x00000000      0x125 alarm_actuator.o
                                0x185 (size before relaxing)
 .debug_str     0x00000125       0x63 alarm_monitor.o
                                0x178 (size before relaxing)
 .debug_str     0x00000188       0x55 driver.o
                                0x14a (size before relaxing)
 .debug_str     0x000001dd       0x5f main.o
                                0x1da (size before relaxing)
 .debug_str     0x0000023c       0x52 pressure_detector.o
                                0x188 (size before relaxing)
 .debug_str     0x0000028e       0x30 pressure_sensor.o
                                0x160 (size before relaxing)
 .debug_str     0x000002be       0x78 startup.o
                                 0xff (size before relaxing)

.comment        0x00000000       0x11
 .comment       0x00000000       0x11 alarm_actuator.o
                                 0x12 (size before relaxing)
 .comment       0x00000000       0x12 alarm_monitor.o
 .comment       0x00000000       0x12 driver.o
 .comment       0x00000000       0x12 main.o
 .comment       0x00000000       0x12 pressure_detector.o
 .comment       0x00000000       0x12 pressure_sensor.o
 .comment       0x00000000       0x12 startup.o

.ARM.attributes
                0x00000000       0x33
 .ARM.attributes
                0x00000000       0x33 alarm_actuator.o
 .ARM.attributes
                0x00000033       0x33 alarm_monitor.o
 .ARM.attributes
                0x00000066       0x33 driver.o
 .ARM.attributes
                0x00000099       0x33 main.o
 .ARM.attributes
                0x000000cc       0x33 pressure_detector.o
 .ARM.attributes
                0x000000ff       0x33 pressure_sensor.o
 .ARM.attributes
                0x00000132       0x33 startup.o

.debug_frame    0x00000000      0x2a4
 .debug_frame   0x00000000       0xac alarm_actuator.o
 .debug_frame   0x000000ac       0x60 alarm_monitor.o
 .debug_frame   0x0000010c       0x78 driver.o
 .debug_frame   0x00000184       0x48 main.o
 .debug_frame   0x000001cc       0x48 pressure_detector.o
 .debug_frame   0x00000214       0x44 pressure_sensor.o
 .debug_frame   0x00000258       0x4c startup.o
